data through 2026-10-06, horizon 63d

  using cached panel (1,541,262 rows)
  42,349 earnings events, 500 symbols
  coverage of each earnings signal across the panel:
    sue               97.8%
    surprise_pct      98.9%
    drift_window     100.0%
    beat_streak       98.9%
    surprise_accel    97.5%
    days_since        99.1%

  price sleeve: 4 signals ['mom_126d', 'mom_252d_skip', 'reversal_5d', 'near_52w_high']
  earnings sleeve: 2 signals ['sue', 'surprise_pct']

==============================================================================
FULL SAMPLE — sector-neutral quintile books, net of costs
==============================================================================
book                       IC    ret/yr     vol   Sharpe      t    maxDD     n
price only             0.0123    +1.19%   12.0%     0.12   0.44   100.0%    50
earnings only          0.0050    +2.21%    7.3%     0.52   1.84   100.0%    50
price + earnings       0.0098    +2.86%   10.5%     0.39   1.37   100.0%    50

==============================================================================
WALK-FORWARD BY TEST YEAR (out-of-sample Sharpe)
==============================================================================
year              price only       earnings only    price + earnings
2016                   -1.42               -1.82               -1.42
2017                    2.60               -1.56                0.97
2018                    1.77                0.23                1.01
2019                    0.17               -0.90               -0.18
2020                   -1.23                2.99                0.69
2021                   -0.02                0.37               -0.25
2022                   -1.01                0.36                0.40
2023                   -0.84               -2.68               -1.52
2024                    1.69                0.82                1.90
2025                   -0.32                1.88                1.27
2026                    0.85                3.32                1.94
mean                    0.20                0.27                0.44
% pos                    45%                 64%                 64%

==============================================================================
BEFORE / AFTER
==============================================================================
  price only        Sharpe +0.124
  price + earnings  Sharpe +0.388
  change            +0.264  (3.13x)
  target            Sharpe +1.500
  SPY benchmark     Sharpe +0.910

  gap to target: +1.112 Sharpe

Trial count is owned by the registry, not by this script. Add these
variants before treating any number above as a finding.

wrote reports/combined_book.csv
