data through 2026-10-06
  using cached panel (1,541,262 rows)
  42,349 earnings events, 500 symbols
  coverage of each earnings signal across the panel:
    sue               97.8%
    surprise_pct      98.9%
    drift_window     100.0%
    beat_streak       98.9%
    surprise_accel    97.5%
    days_since        99.1%
  horizon 21d done
  horizon 63d done

==========================================================================
HORIZON 21d — sector-neutral quintile books
==========================================================================
group     signal                 IC    ret/yr   Sharpe       t
price     reversal_5d        0.0086    -1.44%     0.23    0.83
price     reversal_21d       0.0064    -2.81%    -0.10   -0.36
earnings  surprise_pct       0.0084    -0.50%    -0.11   -0.40
earnings  sue                0.0064    -0.89%    -0.15   -0.53
price     mom_252d_skip      0.0034    -1.54%    -0.18   -0.60
price     dist_sma_200       0.0019    -2.47%    -0.18   -0.62
price     mom_126d           0.0018    -2.36%    -0.26   -0.92
price     mom_63d           -0.0042    -4.41%    -0.34   -1.18
price     near_52w_high      0.0181    -4.79%    -0.43   -1.46
price     mom_21d           -0.0064    -3.76%    -0.46   -1.64
price     rel_volume_20     -0.0031    -4.54%    -0.55   -1.95
price     dist_sma_50       -0.0050    -4.25%    -0.55   -1.94
earnings  drift_window      -0.0191    -4.00%    -0.59   -2.08
earnings  surprise_accel    -0.0019    -3.54%    -0.67   -2.37
price     rsi_14            -0.0045    -4.86%    -0.67   -2.38
earnings  days_since        -0.0046    -3.38%    -0.82   -2.92
price     low_vol_63d       -0.0217   -14.71%    -0.94   -3.33
price     low_atr_14        -0.0179   -13.45%    -1.00   -3.54
earnings  beat_streak        0.0032    -5.19%    -1.10   -3.92

==========================================================================
HORIZON 63d — sector-neutral quintile books
==========================================================================
group     signal                 IC    ret/yr   Sharpe       t
earnings  sue                0.0034    +1.21%     0.35    1.24
earnings  surprise_pct       0.0064    +1.75%     0.30    1.07
price     mom_126d           0.0004    +0.93%     0.20    0.69
price     reversal_5d        0.0059    -0.45%     0.15    0.53
price     mom_21d           -0.0081    -1.57%     0.12    0.42
price     dist_sma_200      -0.0014    +0.72%     0.03    0.11
price     mom_252d_skip     -0.0006    +0.75%    -0.04   -0.13
price     mom_63d           -0.0081    -1.28%    -0.05   -0.18
price     rsi_14            -0.0078    -2.17%    -0.12   -0.41
earnings  surprise_accel    -0.0088    -1.51%    -0.13   -0.46
price     near_52w_high      0.0257    -1.15%    -0.18   -0.61
price     dist_sma_50       -0.0086    -1.71%    -0.24   -0.86
price     rel_volume_20     -0.0027    -1.62%    -0.25   -0.89
earnings  drift_window      -0.0256    -0.85%    -0.30   -1.05
price     reversal_21d       0.0081    -0.43%    -0.31   -1.10
earnings  beat_streak       -0.0042    -2.92%    -0.45   -1.58
earnings  days_since         0.0048    +0.10%    -0.73   -2.57
price     low_atr_14        -0.0334   -12.11%    -0.80   -2.83
price     low_vol_63d       -0.0385   -13.16%    -0.90   -3.13

==========================================================================
EFFECTIVE BREADTH — before and after the second data source
==========================================================================

horizon 21d
  price signals only      : 13 nominal -> 2.7 effective  (avg corr +0.23)
  price + earnings        : 19 nominal -> 4.7 effective  (avg corr +0.15)
  cross-correlation price vs earnings: +0.064 (mean), 0.514 (max abs)
  effective strategies gained: +2.1
  implied Sharpe multiplier from breadth alone: 1.33x

horizon 63d
  price signals only      : 13 nominal -> 2.9 effective  (avg corr +0.19)
  price + earnings        : 19 nominal -> 5.0 effective  (avg corr +0.11)
  cross-correlation price vs earnings: +0.015 (mean), 0.473 (max abs)
  effective strategies gained: +2.2
  implied Sharpe multiplier from breadth alone: 1.32x

wrote reports/earnings_book.csv
