ingest run 8: 1515 symbols, 2014-01-01 to 2026-10-08
  downloading 25 symbols: SPY..AKAM
  downloading 25 symbols: ALB..APO
  downloading 25 symbols: AAPL..TECH
  downloading 25 symbols: BIIB..CASY
  downloading 25 symbols: CAT..CMS
  downloading 25 symbols: KO..DRI
  downloading 25 symbols: DDOG..ECL
  downloading 25 symbols: EIX..FDS
  downloading 25 symbols: FICO..GEN
  downloading 25 symbols: GNRC..HWM
  downloading 25 symbols: HPQ..JBHT
  downloading 25 symbols: JBL..LLY
  downloading 25 symbols: LIN..MGM
  downloading 25 symbols: MCHP..NTRS
  downloading 25 symbols: NOC..PEP
  downloading 25 symbols: PFE..RTX
  downloading 25 symbols: O..SJM
  downloading 25 symbols: SW..TSLA
  downloading 25 symbols: TXN..UHS
  downloading 25 symbols: VLO..WFC
  downloading 25 symbols: WELL..AGNC
  downloading 25 symbols: AHR..AVNT
  downloading 25 symbols: AVT..CACI
  downloading 25 symbols: CAR..COKE
  downloading 25 symbols: COLB..DOCU
  downloading 25 symbols: DT..FAF
  downloading 25 symbols: FBIN..GLPI
  downloading 25 symbols: GME..IDCC
  downloading 25 symbols: IESC..LIVN
  downloading 25 symbols: LNTH..MUR
  downloading 25 symbols: MUSA..OLN
  downloading 25 symbols: ONB..PR
  downloading 25 symbols: PRI..SAIC
  downloading 25 symbols: SANM..SSD
  downloading 25 symbols: ST..UBSI
  downloading 25 symbols: UFPI..WHR
  downloading 25 symbols: WING..ACIW
  downloading 25 symbols: ACLS..ALRM
  downloading 25 symbols: AMN..AWI
  downloading 25 symbols: AWR..BOOT
  downloading 25 symbols: BOX..CHCO
  downloading 25 symbols: CHEF..CTS
  downloading 25 symbols: CUBI..DIOD
HTTP Error 404: {"quoteSummary":{"result":null,"error":{"code":"Not Found","description":"Quote not found for symbol: CWEN-A"}}}
$CWEN-A: possibly delisted; no timezone found

1 Failed download:
['CWEN-A']: possibly delisted; no timezone found
  downloading 25 symbols: DLX..ESE
  downloading 25 symbols: ESI..FRPT
  downloading 25 symbols: FSS..HAFC
  downloading 25 symbols: HASI..ICHR
$HLX: possibly delisted; no price data found  (1d 2014-01-01 -> 2026-10-08)

1 Failed download:
['HLX']: possibly delisted; no price data found  (1d 2014-01-01 -> 2026-10-08)
  downloading 25 symbols: ICUI..KGS
  downloading 25 symbols: KLIC..LNC
$LEG: possibly delisted; no price data found  (1d 2014-01-01 -> 2026-10-08)

1 Failed download:
['LEG']: possibly delisted; no price data found  (1d 2014-01-01 -> 2026-10-08)
  downloading 25 symbols: LNN..MD
  downloading 25 symbols: MDU..MYRG
  downloading 25 symbols: NABL..NX
  downloading 25 symbols: NXRT..PFBC
  downloading 25 symbols: PFS..PRVA
  downloading 25 symbols: PSMT..RNST
  downloading 25 symbols: ROAD..SHAK
  downloading 25 symbols: SHEN..SUPN
  downloading 25 symbols: SXI..UA
  downloading 25 symbols: UAA..VIRT
  downloading 25 symbols: VRRM..WRBY
  downloading 15 symbols: WRLD..ZWS
  quarantined 3 rows failing OHLC checks

loaded 4,432,599 rows for 1512 symbols
calendar: 3,210 trading days

quality issues by type:
severity  issue        
error     ohlc_ordering       3
warn      calendar_gap        3
          extreme_move      583
          zero_volume      8425
