data through 2026-10-06, horizon 63d

  using cached panel (1,541,262 rows)
  42,349 earnings events, 500 symbols
  coverage of each earnings signal across the panel:
    sue               97.8%
    surprise_pct      98.9%
    drift_window     100.0%
    beat_streak       98.9%
    surprise_accel    97.5%
    days_since        99.1%
  453,279 as-filed facts, 502 symbols
  30,626 filing snapshots
  coverage: earnings_yield=92%  book_to_price=94%  roe=91%  accruals=91%  asset_growth=89%  gross_profitability=49%

  price (excluded, for reference): 13 signals
  earnings: 2 signals
  fundamentals: 6 signals

================================================================================
BOOKS — sector-neutral quintiles, net of two-sided costs
================================================================================
book                        ret/yr     vol   Sharpe      t    maxDD     n
price only (dropped)        -3.17%   13.1%    -0.11  -0.38    45.0%    50
earnings only               +2.21%    7.3%     0.52   1.84     9.9%    50
fundamentals only           -2.81%    5.9%    -0.60  -2.11    40.9%    50
earn + fund, equal wt       -0.30%    4.4%     0.03   0.11    10.1%    50
earn + fund, inv-vol        -0.18%    4.3%     0.12   0.41     8.9%    50

================================================================================
EFFECTIVE BREADTH BY SOURCE COUNT
================================================================================
  price only                 13 nominal ->   2.9 effective (avg corr +0.19)
  price + earnings           19 nominal ->   5.0 effective (avg corr +0.11)
  earnings + fundamentals    12 nominal ->   7.0 effective (avg corr +0.04)
  all three                  25 nominal ->   6.8 effective (avg corr +0.06)

  cross-correlation earnings vs fundamentals: -0.022 mean, 0.450 max abs

================================================================================
VERSUS TARGET
================================================================================
  best book here     +0.519
  SPY benchmark      +0.910
  target             +1.500
  gap to target      +0.981

wrote reports/multi_source.csv
