data through 2026-10-06
  building panel (a few minutes)
  501 symbols, median 480 names/day, 11 sectors
  mom_21d           mom_63d           mom_126d          mom_252d_skip     reversal_5d       reversal_21d      dist_sma_50       dist_sma_200      rsi_14            low_vol_63d       rel_volume_20     low_atr_14        near_52w_high   

============================================================================================
SECTOR NEUTRAL vs UNCONSTRAINED — same signals, same costs, same dates
============================================================================================
score              h   IC raw   IC neu  Sharpe raw  Sharpe neu   t neu  B_eff neu
dist_sma_200     126    0.017    0.010        0.20        0.28    0.96        743
mom_63d          126    0.009    0.006        0.20        0.26    0.91       2160
reversal_5d       21    0.012    0.009        0.35        0.23    0.83        753
mom_126d          63    0.002    0.000        0.19        0.20    0.69     210837
mom_126d         126    0.025    0.015        0.12        0.19    0.68        166
mom_21d          126   -0.002    0.002        0.22        0.17    0.59       5830
mom_252d_skip    126    0.004    0.006        0.07        0.15    0.52        665
reversal_5d       63    0.010    0.006        0.32        0.15    0.53        666
mom_21d           63   -0.017   -0.008        0.00        0.12    0.42        209
near_52w_high    126    0.049    0.042        0.22        0.10    0.35          6
dist_sma_200      63   -0.001   -0.001        0.05        0.03    0.11        496
rsi_14           126   -0.006   -0.001       -0.13       -0.03   -0.10       1693
mom_252d_skip     63   -0.005   -0.001       -0.03       -0.04   -0.13       4170
mom_63d           63   -0.014   -0.008       -0.18       -0.05   -0.18         39
rel_volume_20    126   -0.004   -0.003        0.07       -0.07   -0.26        502
reversal_21d      21    0.016    0.006        0.15       -0.10   -0.36        261
rsi_14            63   -0.018   -0.008       -0.30       -0.12   -0.41        224
mom_252d_skip     21    0.002    0.003       -0.15       -0.18   -0.60       2663
dist_sma_200      21   -0.002    0.002       -0.11       -0.18   -0.62       8785
reversal_5d      126    0.000   -0.001       -0.16       -0.18   -0.64      44204
near_52w_high     63    0.027    0.026       -0.21       -0.18   -0.61         49
dist_sma_50       63   -0.018   -0.009       -0.20       -0.24   -0.86        809
rel_volume_20     63   -0.003   -0.003       -0.16       -0.25   -0.89       8519
dist_sma_50      126    0.001    0.004       -0.23       -0.26   -0.93       5575
mom_126d          21   -0.002    0.002       -0.18       -0.26   -0.92      21548
reversal_21d     126    0.002   -0.002       -0.30       -0.28   -0.99      16189
reversal_21d      63    0.017    0.008       -0.17       -0.31   -1.10       1451
mom_63d           21   -0.012   -0.004       -0.36       -0.34   -1.18       6344
near_52w_high     21    0.017    0.018       -0.35       -0.43   -1.46        557
mom_21d           21   -0.016   -0.006       -0.60       -0.46   -1.64       5280
rel_volume_20     21   -0.002   -0.003       -0.33       -0.55   -1.95      31720
dist_sma_50       21   -0.017   -0.005       -0.49       -0.55   -1.94      12070
low_vol_63d      126   -0.074   -0.048       -0.67       -0.67   -2.31        196
rsi_14            21   -0.016   -0.005       -0.70       -0.67   -2.38      21947
low_atr_14        63   -0.050   -0.033       -0.81       -0.80   -2.83        574
low_atr_14       126   -0.065   -0.041       -0.85       -0.85   -3.01        429
low_vol_63d       63   -0.059   -0.038       -0.86       -0.90   -3.13        541
low_vol_63d       21   -0.033   -0.022       -0.97       -0.94   -3.33       1884
low_atr_14        21   -0.030   -0.018       -0.95       -1.00   -3.54       3126

sector neutral beat unconstrained in 16 of 39 cases
median Sharpe  unconstrained -0.17   neutral -0.18

best neutral book: dist_sma_200 at 126d, Sharpe 0.28, t 0.96
SPY over the same window: Sharpe 0.91

effective breadth of the best book: 743 independent bets a year
nominal: 960. The ratio is how much of
your theoretical breadth the correlation between positions eats.

wrote reports/neutral_book.csv
