
======================================================================
STAGE 2  schema, features, materialization, labels
======================================================================
  applying 01_schema.sql
  applying 02_features.sql
  applying 03_materialize.sql
  applying 04_labels.sql

  done in 6.5s

======================================================================
STAGE 3  validate and load the Excel journal
======================================================================
workbook has no rows to load yet

  done in 1.1s

======================================================================
STAGE 4  lookahead audit
======================================================================
========================================================================
LOOKAHEAD AUDIT
========================================================================

[1] TRUNCATION TEST — rebuild with no data after 2023-06-30
  removed 42,009 bars after the cutoff, rebuilding pipeline
  [PASS] truncation — 23 features identical across 55 symbols
  [PASS] labels absent without future data — full build has 67 labels at cutoff, truncated has 0

[2] INDEPENDENT RECOMPUTE — pandas vs SQL for AAPL
  [PASS] independent recompute — 6 features match pandas to 1e-6 relative

[3] LABEL DIRECTION — MSFT
  [PASS] fwd_ret_5d equals t+5 return — max diff 0.00e+00
  [PASS] fwd_ret_1d equals t+1 return — max diff 0.00e+00
  [PASS] last 5 bars have no 5-day label — 5 of the final 5 rows are NULL as required

[4] LABEL/FEATURE SEPARATION
  [PASS] no forward-looking columns in feature tables — {}

========================================================================
7/7 checks passed
No lookahead detected. Downstream metrics are computed on honest inputs.

  done in 5.9s

======================================================================
STAGE 5  walk-forward modeling
======================================================================
loading modeling panel
  154,660 rows, 55 symbols, 2014-10-17 to 2025-12-22
  24 stationary features, target base rate 0.5356
  7 walk-forward folds, purge 5d, embargo 5d, no overlap violations

fold 1  train 2015-01-01..2018-12-21 (55,055)  test 2019-01-01..2019-12-31 (13,860)
  always_long    auc 0.5000  per-date net +0.111%  dates  29  n_eff   5.8  t -0.45  conc10 40%
  momentum_rule  auc 0.4798  per-date net +0.508%  dates  55  n_eff  11.0  t +0.92  conc10 28%
  logistic       auc 0.5378  per-date net +0.611%  dates 152  n_eff  30.4  t -0.05  conc10 27%
  gbm            auc 0.5468  per-date net +1.080%  dates  99  n_eff  19.8  t -0.65  conc10 37%

fold 2  train 2016-01-01..2019-12-23 (55,055)  test 2020-01-01..2020-12-31 (13,915)
  always_long    auc 0.5000  per-date net +0.535%  dates  29  n_eff   5.8  t +0.75  conc10 40%
  momentum_rule  auc 0.4970  per-date net +0.719%  dates  46  n_eff   9.2  t +0.94  conc10 27%
  logistic       auc 0.5689  per-date net +2.612%  dates 104  n_eff  20.8  t +1.07  conc10 36%
  gbm            auc 0.5534  per-date net +1.328%  dates  50  n_eff  10.0  t +0.38  conc10 40%

fold 3  train 2017-01-01..2020-12-23 (55,110)  test 2021-01-01..2021-12-31 (13,860)
  always_long    auc 0.5000  per-date net -0.317%  dates  29  n_eff   5.8  t -1.54  conc10 40%
  momentum_rule  auc 0.4917  per-date net +0.517%  dates  42  n_eff   8.4  t +0.38  conc10 30%
  logistic       auc 0.5084  per-date net -0.224%  dates 229  n_eff  45.8  t -0.24  conc10 30%
  gbm            auc 0.4605  per-date net +0.548%  dates 102  n_eff  20.4  t +1.92  conc10 34%

fold 4  train 2018-01-01..2021-12-23 (55,165)  test 2022-01-01..2022-12-31 (13,805)
  always_long    auc 0.5000  per-date net -1.640%  dates  30  n_eff   6.0  t -1.39  conc10 40%
  momentum_rule  auc 0.4911  per-date net -0.147%  dates  70  n_eff  14.0  t -0.61  conc10 22%
  logistic       auc 0.5601  per-date net +0.653%  dates  75  n_eff  15.0  t -0.01  conc10 35%
  gbm            auc 0.5580  per-date net +1.151%  dates  56  n_eff  11.2  t -0.07  conc10 39%

fold 5  train 2019-01-01..2022-12-22 (55,165)  test 2023-01-01..2023-12-31 (13,750)
  always_long    auc 0.5000  per-date net -0.135%  dates  29  n_eff   5.8  t +0.30  conc10 40%
  momentum_rule  auc 0.5033  per-date net +0.393%  dates  71  n_eff  14.2  t +1.16  conc10 26%
  logistic       auc 0.5215  per-date net +0.630%  dates 178  n_eff  35.6  t +1.00  conc10 24%
  gbm            auc 0.4775  per-date net +0.678%  dates  83  n_eff  16.6  t +0.41  conc10 39%

fold 6  train 2020-01-01..2023-12-21 (55,055)  test 2024-01-01..2024-12-31 (13,860)
  always_long    auc 0.5000  per-date net +0.292%  dates  29  n_eff   5.8  t +0.45  conc10 40%
  momentum_rule  auc 0.5054  per-date net +0.948%  dates  61  n_eff  12.2  t +2.21  conc10 24%
  logistic       auc 0.5410  per-date net +0.235%  dates 225  n_eff  45.0  t +0.15  conc10 18%
  gbm            auc 0.5190  per-date net +0.800%  dates 161  n_eff  32.2  t +0.81  conc10 34%

fold 7  train 2021-01-01..2024-12-23 (55,000)  test 2025-01-01..2025-12-31 (13,420)
  always_long    auc 0.5000  per-date net +0.368%  dates  28  n_eff   5.6  t -0.16  conc10 41%
  momentum_rule  auc 0.4873  per-date net +0.145%  dates  50  n_eff  10.0  t +0.00  conc10 26%
  logistic       auc 0.5021  per-date net -0.349%  dates  52  n_eff  10.4  t -0.07  conc10 41%
  gbm            auc 0.5285  per-date net +1.188%  dates  66  n_eff  13.2  t -0.31  conc10 41%

==============================================================================
POOLED ACROSS FOLDS (mean, with per-fold spread)
==============================================================================
model              auc    ±sd  per-date net  edge bps  sharpe      t  % dates +  folds +
always_long     0.5000 0.0000       -0.112%     -37.5   -0.84  -0.29     50.9% 4/7
momentum_rule   0.4937 0.0090        0.440%     +17.8    1.47  +0.71     61.7% 6/7
logistic        0.5343 0.0251        0.595%     +33.2    0.36  +0.26     57.1% 5/7
gbm             0.5205 0.0380        0.968%     +70.5    0.54  +0.35     60.5% 7/7

SAMPLE SIZE AND CLUSTERING — why the row count is not the sample size
model           rows picked  eff. obs  naive sharpe  honest sharpe  conc. top-10 dates
always_long           9,646        41         -0.14          -0.84                40%
momentum_rule         9,646        79          0.68           1.47                26%
logistic              9,646       203          1.59           0.36                30%
gbm                   9,646       123          1.38           0.54                38%

wrote reports/fold_metrics.csv and reports/model_summary.csv

computing permutation importance on the last fold
feature                  auc drop
  mkt_vol_20             +0.05114
  mkt_dist_sma_200       +0.02854
  mom_63d                +0.00451
  dist_sma_50            +0.00450
  mkt_ret_1d             +0.00257
  gap_pct                +0.00178
  atr_pct                +0.00165
  mom_5d                 +0.00097
  ret_1d                 +0.00085
  rel_volume_xs_rank     +0.00084
  wrote reports/feature_importance.csv

wrote 385,880 predictions and 7 folds to the warehouse

  done in 25.0s

======================================================================
STAGE 6  cost-aware portfolio backtest
======================================================================
backtest: gbm, threshold 0.55, top 3/day, 5-day hold, 1.5 ATR stop
  out-of-sample window: 2019-01-02 to 2025-12-22

trades                         917
total return                16.18%
net P/L               $      1,596
costs paid            $      4,482
win rate                    46.7%
profit factor                 1.06
average R                    -0.08
max drawdown                17.05%
sharpe (daily, ann.)          0.23
stops hit                      298
horizon exits                  619

signals skipped: {'exposure': 592, 'max_positions': 2200, 'zero_size': 0, 'no_fill': 0}

P/L decomposition (gross - costs = net, verified)
  gross P/L before costs  $       6,078
  costs paid              $      -4,482
  net P/L                 $       1,596
  costs as share of gross        73.7%

wrote backtest run 1: 917 trades, 1754 equity points

  done in 3.7s

======================================================================
STAGE 7  analysis views
======================================================================
  applying 05_metrics.sql

  done in 0.0s

======================================================================
STAGE 8  parameter robustness sweep
======================================================================
running 45 parameter combinations on the gbm model

  [ 1/45] thr 0.50 top 1 stop 1.0ATR    910 trades  return   -5.23%  sharpe  0.01
  [ 2/45] thr 0.50 top 1 stop 1.5ATR    919 trades  return   23.85%  sharpe  0.33
  [ 3/45] thr 0.50 top 1 stop 2.0ATR    923 trades  return   25.97%  sharpe  0.38
  [ 4/45] thr 0.50 top 3 stop 1.0ATR   1052 trades  return   -3.33%  sharpe  0.02
  [ 5/45] thr 0.50 top 3 stop 1.5ATR   1007 trades  return   17.78%  sharpe  0.24
  [ 6/45] thr 0.50 top 3 stop 2.0ATR    968 trades  return   15.87%  sharpe  0.25
  [ 7/45] thr 0.50 top 5 stop 1.0ATR   1090 trades  return   -3.65%  sharpe  0.02
  [ 8/45] thr 0.50 top 5 stop 1.5ATR   1014 trades  return   24.46%  sharpe  0.31
  [ 9/45] thr 0.50 top 5 stop 2.0ATR    971 trades  return   15.97%  sharpe  0.25
  [10/45] thr 0.52 top 1 stop 1.0ATR    908 trades  return    5.26%  sharpe  0.12
  [11/45] thr 0.52 top 1 stop 1.5ATR    898 trades  return   36.59%  sharpe  0.45
  [12/45] thr 0.52 top 1 stop 2.0ATR    891 trades  return   47.12%  sharpe  0.60
  [13/45] thr 0.52 top 3 stop 1.0ATR   1026 trades  return    7.53%  sharpe  0.13
  [14/45] thr 0.52 top 3 stop 1.5ATR    970 trades  return   27.92%  sharpe  0.34
  [15/45] thr 0.52 top 3 stop 2.0ATR    943 trades  return   23.19%  sharpe  0.33
  [16/45] thr 0.52 top 5 stop 1.0ATR   1051 trades  return    8.55%  sharpe  0.14
  [17/45] thr 0.52 top 5 stop 1.5ATR    993 trades  return   35.49%  sharpe  0.41
  [18/45] thr 0.52 top 5 stop 2.0ATR    943 trades  return   20.17%  sharpe  0.30
  [19/45] thr 0.55 top 1 stop 1.0ATR    836 trades  return   -3.83%  sharpe  0.02
  [20/45] thr 0.55 top 1 stop 1.5ATR    830 trades  return   12.59%  sharpe  0.21
  [21/45] thr 0.55 top 1 stop 2.0ATR    848 trades  return   35.15%  sharpe  0.48
  [22/45] thr 0.55 top 3 stop 1.0ATR    967 trades  return   -4.21%  sharpe  0.01
  [23/45] thr 0.55 top 3 stop 1.5ATR    917 trades  return   16.18%  sharpe  0.23
  [24/45] thr 0.55 top 3 stop 2.0ATR    891 trades  return    7.20%  sharpe  0.14
  [25/45] thr 0.55 top 5 stop 1.0ATR    987 trades  return   -3.64%  sharpe  0.02
  [26/45] thr 0.55 top 5 stop 1.5ATR    927 trades  return    4.92%  sharpe  0.11
  [27/45] thr 0.55 top 5 stop 2.0ATR    892 trades  return   18.10%  sharpe  0.27
  [28/45] thr 0.58 top 1 stop 1.0ATR    782 trades  return   10.12%  sharpe  0.17
  [29/45] thr 0.58 top 1 stop 1.5ATR    780 trades  return   26.12%  sharpe  0.36
  [30/45] thr 0.58 top 1 stop 2.0ATR    792 trades  return   37.43%  sharpe  0.50
  [31/45] thr 0.58 top 3 stop 1.0ATR    899 trades  return    8.54%  sharpe  0.14
  [32/45] thr 0.58 top 3 stop 1.5ATR    862 trades  return   24.05%  sharpe  0.31
  [33/45] thr 0.58 top 3 stop 2.0ATR    836 trades  return   26.08%  sharpe  0.37
  [34/45] thr 0.58 top 5 stop 1.0ATR    932 trades  return    3.96%  sharpe  0.10
  [35/45] thr 0.58 top 5 stop 1.5ATR    875 trades  return   28.47%  sharpe  0.35
  [36/45] thr 0.58 top 5 stop 2.0ATR    841 trades  return   23.82%  sharpe  0.34
  [37/45] thr 0.60 top 1 stop 1.0ATR    720 trades  return   14.64%  sharpe  0.21
  [38/45] thr 0.60 top 1 stop 1.5ATR    738 trades  return   40.09%  sharpe  0.48
  [39/45] thr 0.60 top 1 stop 2.0ATR    743 trades  return   36.00%  sharpe  0.50
  [40/45] thr 0.60 top 3 stop 1.0ATR    841 trades  return   12.67%  sharpe  0.18
  [41/45] thr 0.60 top 3 stop 1.5ATR    802 trades  return   56.64%  sharpe  0.59
  [42/45] thr 0.60 top 3 stop 2.0ATR    784 trades  return   22.40%  sharpe  0.34
  [43/45] thr 0.60 top 5 stop 1.0ATR    854 trades  return   10.57%  sharpe  0.16
  [44/45] thr 0.60 top 5 stop 1.5ATR    810 trades  return   46.49%  sharpe  0.51
  [45/45] thr 0.60 top 5 stop 2.0ATR    788 trades  return   23.81%  sharpe  0.35

==========================================================================
ROBUSTNESS ACROSS ARBITRARY PARAMETER CHOICES
==========================================================================
variants tested                       45
best total return                 56.64%
worst total return                -5.23%
median total return               18.10%
spread (best - worst)             61.87 pts
variants losing money              6 of 45
variants beating SPY (204%)        0 of 45
sharpe range                       0.01 to 0.60
median costs / gross              69.3%

The best variant (threshold 0.6, top 3, stop 1.5 ATR) returned 56.6%.
That is the number a less careful write-up would report as 'the result'.
It is the maximum of 45 variants, and the multiple-comparison
correction in R/validate.R exists precisely to discount it.

SENSITIVITY BY PARAMETER (median total return)
  threshold    0.5=   16.0%  0.52=   23.2%  0.55=    7.2%  0.58=   24.0%  0.6=   23.8%
  top_n        1=   26.0%  3=   16.2%  5=   18.1%
  stop_atr     1.0=    5.3%  1.5=   26.1%  2.0=   23.8%

wrote reports/sensitivity.csv

  done in 139.1s

======================================================================
STAGE 9  statistical validation (R)
======================================================================
============================================================================ 
STATISTICAL VALIDATION
============================================================================ 

4 strategies on 1740 common dates (2019-01-02 to 2025-12-22)
label horizon 5 days, so roughly 348 independent observations

----------------------------------------------------------------------------
TEST 1  mean 5-day net return, bootstrap CI and p-value (null: zero)
---------------------------------------------------------------------------- 
strategy             mean %     ann. %               95% CI         p
always_long          0.2555      13.72  [ 0.0424,  0.4554]    0.0154
gbm                  0.3677      20.32  [ 0.0877,  0.6342]    0.0090
logistic             0.2811      15.20  [-0.0141,  0.5720]    0.0606
momentum_rule        0.2077      11.03  [-0.0044,  0.4137]    0.0526

----------------------------------------------------------------------------
TEST 2  paired difference vs the always_long baseline (the null that matters)
---------------------------------------------------------------------------- 
strategy             excess %                 95% CI         p
gbm                    0.1122  [ -0.0272,   0.2538]    0.1280
logistic               0.0256  [ -0.1429,   0.1907]    0.7644
momentum_rule         -0.0478  [ -0.1507,   0.0512]    0.3374

----------------------------------------------------------------------------
TEST 3  data-snooping adjustment across 3 tested strategies
---------------------------------------------------------------------------- 
      strategy   excess  p_raw p_bonferroni   p_bh
           gbm  0.1122% 0.1280       0.3840 0.3840
      logistic  0.0256% 0.7644       1.0000 0.7644
 momentum_rule -0.0478% 0.3374       1.0000 0.5061

White's Reality Check: best excess = 0.1122% per 5 days, p = 0.1494

============================================================================
VERDICT
============================================================================ 
No strategy beats the always_long baseline once data snooping is accounted for.
The best of 3 strategies produced 0.1122% excess return per 5-day period,
and the Reality Check p-value is 0.149 against a 0.05 threshold. With about
348 independent observations and overlapping returns, a result this size is
what testing 3 ideas on one history of one market produces by chance.

Unadjusted significance would have passed: none
After Benjamini-Hochberg: none

wrote reports/validation.csv and reports/reality_check.csv

  done in 35.4s

======================================================================
STAGE 10  figures (R)
======================================================================
building figures
  wrote 01_equity_vs_benchmark.png 
  wrote 02_reality_check.png 
  wrote 03_per_fold_excess.png 
  wrote 04_cost_waterfall.png 
  wrote 05_feature_importance.png 
done

  done in 2.8s

======================================================================
STAGE 11  Excel dashboard
======================================================================
wrote /Users/masontrinkner/ClaudeCode/trading-bot/reports/dashboard.xlsx
  Findings, Charts, and 3+ data sheets
  headline: strategy +15.3% vs SPY +204.4%, Reality Check p = 0.149

  done in 1.2s

======================================================================
BUILD COMPLETE
======================================================================
  sql           6.5s
  journal       1.1s
  test          5.9s
  model        25.0s
  backtest      3.7s
  sensitivity  139.1s
  validate     35.4s
  figures       2.8s
  dashboard     1.2s
  total       220.6s
