data through 2026-10-06 (lockbox sealed from 2026-10-07)
  1,520,987 rows, 501 symbols
  median names per day: 480 (breadth; was 55 before)

======================================================================================
CROSS-SECTIONAL RESULTS — long top decile, short bottom, market neutral
======================================================================================
score              h      IC  IC IR   IC t   IC>0  spread/yr  sharpe      t
near_52w_high     21   0.017   0.30   0.69    58%     -6.60%   -0.38  -1.31
reversal_21d      21   0.016   0.33   1.77    52%     -1.69%    0.02   0.09
reversal_5d        5   0.015   0.58   1.94    52%     -5.48%   -0.36  -1.30
reversal_21d       5   0.012   0.48   1.97    51%     -9.70%   -0.48  -1.72
reversal_5d       21   0.012   0.26   2.15    53%     -0.58%    0.27   0.97
mom_252d_skip      5   0.012   0.35   1.38    54%    -10.16%   -0.35  -1.21
near_52w_high      5   0.011   0.39   1.15    54%    -20.33%   -0.85  -2.89
mom_126d           5   0.006   0.19   0.59    55%    -11.85%   -0.49  -1.70
rel_volume_20      5   0.003   0.28   1.35    51%    -12.00%   -1.34  -4.77
dist_sma_200       5   0.002   0.07   0.51    53%    -13.76%   -0.41  -1.42
mom_252d_skip     21   0.002   0.03  -0.02    54%     +0.74%   -0.04  -0.12
composite          5  -0.000  -0.01   0.37    52%    -19.03%   -0.67  -2.37
mom_126d          21  -0.002  -0.03  -0.24    53%     +0.35%   -0.05  -0.18
dist_sma_200      21  -0.002  -0.03   0.16    53%     -0.06%   -0.00  -0.02
rel_volume_20     21  -0.002  -0.12   0.78    48%     -4.26%   -0.21  -0.75
composite         21  -0.007  -0.11  -0.33    53%     -6.63%   -0.40  -1.43
mom_63d            5  -0.008  -0.30  -1.22    50%    -19.17%   -0.79  -2.79
dist_sma_50        5  -0.011  -0.42  -0.91    49%    -17.88%   -0.75  -2.66
mom_63d           21  -0.012  -0.23  -0.84    50%     -5.64%   -0.19  -0.68
mom_21d            5  -0.012  -0.48  -1.97    49%    -18.48%   -0.89  -3.16
rsi_14             5  -0.013  -0.50  -1.29    49%    -21.72%   -1.06  -3.75
low_vol_63d        5  -0.015  -0.43  -1.70    48%    -37.48%   -1.27  -4.47
low_atr_14         5  -0.015  -0.44  -1.37    47%    -37.10%   -1.35  -4.79
rsi_14            21  -0.016  -0.35  -1.66    48%     -6.70%   -0.58  -2.06
mom_21d           21  -0.016  -0.33  -1.77    48%     -5.02%   -0.37  -1.30
dist_sma_50       21  -0.017  -0.34  -1.15    49%     -5.98%   -0.43  -1.52
low_atr_14        21  -0.030  -0.47  -1.63    46%    -25.24%   -0.92  -3.28
low_vol_63d       21  -0.033  -0.50  -1.60    45%    -27.17%   -0.91  -3.20

Reading this table: IC between 0.02 and 0.10 is the range real quant
firms operate in. |t| above 2 is the usual bar for believing a number.
Nothing here has been corrected for the number of strategies tried;
add these to the registry before treating any of them as a finding.

wrote reports/cross_sectional.csv
