data through 2026-10-06 (lockbox sealed from 2026-10-07)
  1,520,987 rows, 501 symbols
  median names per day: 480 (breadth; was 55 before)

======================================================================================
CROSS-SECTIONAL RESULTS — long top decile, short bottom, market neutral
======================================================================================
score              h      IC  IC IR   IC t   IC>0  spread/yr  sharpe      t
near_52w_high    126   0.049   0.39   1.90    65%     +0.70%    0.10   0.33
near_52w_high     63   0.027   0.31   0.84    59%     -1.65%   -0.19  -0.64
mom_126d         126   0.025   0.25   0.70    61%     +8.72%    0.23   0.80
dist_sma_200     126   0.017   0.16   1.00    60%     +7.28%    0.18   0.61
near_52w_high     21   0.017   0.30   0.69    58%     -6.60%   -0.38  -1.31
reversal_21d      63   0.017   0.21   0.54    52%     -0.56%   -0.33  -1.15
reversal_21d      21   0.016   0.33   1.77    52%     -1.69%    0.02   0.09
composite        126   0.016   0.12   0.29    61%     -0.01%   -0.01  -0.05
reversal_5d       21   0.012   0.26   2.15    53%     -0.58%    0.27   0.97
reversal_5d       63   0.010   0.14   1.63    51%     +0.02%    0.16   0.57
mom_63d          126   0.009   0.09   0.78    56%     +5.13%    0.20   0.69
mom_252d_skip    126   0.004   0.04   0.06    56%     +5.91%    0.14   0.46
composite         21   0.003   0.06   0.13    55%     -6.44%   -0.34  -1.17
mom_126d          63   0.002   0.03   0.52    55%     +5.30%    0.35   1.21
mom_252d_skip     21   0.002   0.03  -0.02    54%     +0.74%   -0.04  -0.12
reversal_21d     126   0.002   0.02  -0.78    47%     -2.79%   -0.30  -1.05
composite         63   0.001   0.01   0.06    55%     -2.51%   -0.14  -0.47
dist_sma_50      126   0.001   0.01  -0.70    54%     +2.78%   -0.13  -0.46
reversal_5d      126   0.000   0.00   0.19    49%     -1.74%   -0.25  -0.87
dist_sma_200      63  -0.001  -0.01  -0.02    54%     +4.37%    0.10   0.35
mom_126d          21  -0.002  -0.03  -0.24    53%     +0.35%   -0.05  -0.18
mom_21d          126  -0.002  -0.02   0.78    53%     +1.68%    0.24   0.85
dist_sma_200      21  -0.002  -0.03   0.16    53%     -0.06%   -0.00  -0.02
rel_volume_20     21  -0.002  -0.12   0.78    48%     -4.26%   -0.21  -0.75
rel_volume_20     63  -0.003  -0.09  -0.30    49%     -2.15%    0.00   0.02
rel_volume_20    126  -0.004  -0.09   0.45    49%     -1.73%    0.03   0.09
mom_252d_skip     63  -0.005  -0.06  -0.18    53%     +3.61%    0.04   0.14
rsi_14           126  -0.006  -0.06  -0.28    52%     +0.45%    0.02   0.09
mom_63d           21  -0.012  -0.23  -0.84    50%     -5.64%   -0.19  -0.68
mom_63d           63  -0.014  -0.17  -1.13    49%     +0.25%    0.01   0.05
rsi_14            21  -0.016  -0.35  -1.66    48%     -6.70%   -0.58  -2.06
mom_21d           21  -0.016  -0.33  -1.77    48%     -5.02%   -0.37  -1.30
dist_sma_50       21  -0.017  -0.34  -1.15    49%     -5.98%   -0.43  -1.52
mom_21d           63  -0.017  -0.21  -0.54    48%     -1.67%    0.21   0.73
dist_sma_50       63  -0.018  -0.22  -0.92    47%     -1.43%   -0.08  -0.29
rsi_14            63  -0.018  -0.24  -1.11    47%     -3.02%   -0.20  -0.71
low_atr_14        21  -0.030  -0.47  -1.63    46%    -25.24%   -0.92  -3.28
low_vol_63d       21  -0.033  -0.50  -1.60    45%    -27.17%   -0.91  -3.20
low_atr_14        63  -0.050  -0.47  -1.51    43%    -23.93%   -0.80  -2.82
low_vol_63d       63  -0.059  -0.52  -1.78    41%    -26.51%   -0.88  -3.09
low_atr_14       126  -0.065  -0.45  -1.40    35%    -26.26%   -0.92  -3.26
low_vol_63d      126  -0.074  -0.49  -0.96    33%    -28.00%   -0.77  -2.65

Reading this table: IC between 0.02 and 0.10 is the range real quant
firms operate in. |t| above 2 is the usual bar for believing a number.
Nothing here has been corrected for the number of strategies tried;
add these to the registry before treating any of them as a finding.

wrote reports/cross_sectional.csv
